// Jest Snapshot v1, https://goo.gl/fbAQLP

exports[`Tests for rocket component Create snapshot for rocket 1`] = `
Object {
  "asFragment": [Function],
  "baseElement": <body>
    <div>
      <figure
        class="container mb-2 border rounded p-3 "
      >
        <div
          class="row align-items-center"
        >
          <div
            class="col-3"
          >
            <img
              alt="roket"
              class="img-thumbnail"
              src="none"
            />
          </div>
          <div
            class="col-9"
          >
            <h3>
              roket
            </h3>
            <p>
              Rockets
            </p>
            <button
              class="btn btn-success"
              type="button"
            >
              Reserve Rocket
            </button>
          </div>
        </div>
      </figure>
    </div>
  </body>,
  "container": <div>
    <figure
      class="container mb-2 border rounded p-3 "
    >
      <div
        class="row align-items-center"
      >
        <div
          class="col-3"
        >
          <img
            alt="roket"
            class="img-thumbnail"
            src="none"
          />
        </div>
        <div
          class="col-9"
        >
          <h3>
            roket
          </h3>
          <p>
            Rockets
          </p>
          <button
            class="btn btn-success"
            type="button"
          >
            Reserve Rocket
          </button>
        </div>
      </div>
    </figure>
  </div>,
  "debug": [Function],
  "findAllByAltText": [Function],
  "findAllByDisplayValue": [Function],
  "findAllByLabelText": [Function],
  "findAllByPlaceholderText": [Function],
  "findAllByRole": [Function],
  "findAllByTestId": [Function],
  "findAllByText": [Function],
  "findAllByTitle": [Function],
  "findByAltText": [Function],
  "findByDisplayValue": [Function],
  "findByLabelText": [Function],
  "findByPlaceholderText": [Function],
  "findByRole": [Function],
  "findByTestId": [Function],
  "findByText": [Function],
  "findByTitle": [Function],
  "getAllByAltText": [Function],
  "getAllByDisplayValue": [Function],
  "getAllByLabelText": [Function],
  "getAllByPlaceholderText": [Function],
  "getAllByRole": [Function],
  "getAllByTestId": [Function],
  "getAllByText": [Function],
  "getAllByTitle": [Function],
  "getByAltText": [Function],
  "getByDisplayValue": [Function],
  "getByLabelText": [Function],
  "getByPlaceholderText": [Function],
  "getByRole": [Function],
  "getByTestId": [Function],
  "getByText": [Function],
  "getByTitle": [Function],
  "queryAllByAltText": [Function],
  "queryAllByDisplayValue": [Function],
  "queryAllByLabelText": [Function],
  "queryAllByPlaceholderText": [Function],
  "queryAllByRole": [Function],
  "queryAllByTestId": [Function],
  "queryAllByText": [Function],
  "queryAllByTitle": [Function],
  "queryByAltText": [Function],
  "queryByDisplayValue": [Function],
  "queryByLabelText": [Function],
  "queryByPlaceholderText": [Function],
  "queryByRole": [Function],
  "queryByTestId": [Function],
  "queryByText": [Function],
  "queryByTitle": [Function],
  "rerender": [Function],
  "unmount": [Function],
}
`;
